
> react-example@0.0.0 test
> node --experimental-strip-types --test tests/*.test.ts

✔ weeks use 1–7, 8–14 boundaries including short February and fifth weeks (2.607708ms)
✔ week filters use event start dates; previous-week ongoing and ended records remain findable (14.185833ms)
✔ event end date is inclusive and transitions at Korean midnight (0.255041ms)
✔ reminders include future D-day and D-7, exclude D-8, passed times, invalid and completed plans, sort by time (0.527625ms)
✔ D-day counts calendar dates in Korea over month boundaries (0.1685ms)
✔ legacy and form schedules parse Korean times without relying on browser locale (0.422417ms)
✔ applying opens a private conversation without confirming an appointment (11.070292ms)
✔ only the actual post author can accept; requester and forged host cannot (0.138666ms)
✔ one host acceptance confirms the selected request and ends other candidates (0.489834ms)
✔ cancelled, rejected, unavailable or already matched posts cannot be accepted (0.08925ms)
✔ confirmation preserves the request room and ended candidates stay read-only (0.117125ms)
✔ termination retains history with a precise reason and no new input (0.131708ms)
✔ demo mode starts only with an explicit demo=1 query (0.562125ms)
✔ demo clock shifts real time and converts Asia/Seoul input exactly (18.707792ms)
✔ new members start at sugar 15 with no verification badge, shown the same from every entry point (1.09175ms)
✔ public profiles never include phone, real name, birth date, email or referral code (0.166334ms)
✔ unknown users stay unverified with no sugar; sample accounts are labeled samples (0.186709ms)
✔ detailed location needs participation in a confirmed or completed meetup; closing a post reveals nothing (0.142125ms)
✔ addressed notifications are visible only to their recipient, including after logout (0.108458ms)
✔ stranger means not saved by the recipient AND never actually met (0.223791ms)
✔ shifted demo time is honored by request access and host-only acceptance (0.29525ms)
✔ post form: required fields, past start, end after start, now < deadline <= start (1.158166ms)
✔ post form B steps use the same rules; A and B save identical fields and edit restores them (2.855042ms)
✔ partner condition: eligible members apply, others get a reason, old posts mean anyone (0.13425ms)
✔ changing the partner condition needs re-consent; consent alone never confirms; then the host accepts one (2.235291ms)
✔ explore filters: category, region, today/7-day/date boundaries, search, zero results and reset (1.210833ms)
✔ Me status lists follow the shared lifecycle: accept, cancel, close and delete show the same state (3.677375ms)
✔ event ids resolve in any month so related posts and new posts point at one event (0.370792ms)
✔ 14:00–15:00 walk stays locked at 14:50 and 14:59:59.999, opens exactly at 15:00 (15.86425ms)
✔ review requires completion and still cannot bypass the end time (0.177583ms)
✔ missing, invalid and reversed end times fail closed without using recruitment closure (0.101958ms)
✔ only participants of a confirmed appointment can complete it (0.077584ms)
✔ overnight and edited end times use the full date and Korean timezone (0.1845ms)
✔ forms reject a zero duration and date ranges display the end date when needed (1.361166ms)
✔ manual closure ends pending candidates, retains conversations and does not manufacture a match (3.595375ms)
✔ delete leaves a tombstone for old request links and never deletes message history (0.198ms)
✔ expiry uses the exact deadline, is idempotent, and cannot cancel an existing appointment (0.270375ms)
✔ condition changes require each applicant to consent and keep the original baseline through later edits (17.090291ms)
✔ consent permits host acceptance but does not itself confirm or consent for other applicants (1.344708ms)
✔ declined or expired reconfirmations cannot be reused, and decline closes only that request (1.294208ms)
✔ unchanged save and tag edits do not demand consent; restoring original terms removes the pending change (2.910375ms)
✔ private location changes are detectable without exposing the exact old or new address (0.477375ms)
✔ foreign, closed, expired, invalid-deadline and confirmed posts reject direct edits (0.158542ms)
✔ either participant can cancel once with a reason; completed or unrelated appointments cannot be cancelled (0.35425ms)
✔ overlap detects partial and overnight intersections but excludes adjacent, cancelled and other-user appointments (0.209792ms)
✔ phone keeps digits only and at most 11, for typing and pasting alike (0.662ms)
✔ real name must be complete Hangul syllables, 2-10 characters (0.233167ms)
✔ birth date: real calendar date, not in the future (KST), at least 19 (13.724291ms)
✔ male signup routes validate format only (0.204542ms)
✔ photos: JPG/JPEG/PNG only, 10MB inclusive limit (0.119792ms)
✔ bio: required, 300 chars inclusive, contacts and banned words rejected (1.068375ms)
✔ profile completeness walks photo → interests → bio and treats a stripped photo as missing (0.701459ms)
✔ saved profile shows the same public data everywhere, with age band only and no private fields (0.697709ms)
✔ a resized profile photo survives storage while a raw oversized original does not (0.829167ms)
✔ save then load restores every shared record, the active role, time offset and A/B choice (12.608458ms)
✔ empty storage is a normal first visit, not an error (0.091167ms)
✔ broken JSON, wrong shapes and other versions are reported without throwing (0.205292ms)
✔ storage that throws on read or write is reported as unavailable (0.813125ms)
✔ quota errors keep the previous saved copy intact (0.198958ms)
✔ large inline photo originals are never written; small ones and URLs are kept (0.221292ms)
✔ demo reset clears only the demo key and leaves ordinary app data untouched (0.168125ms)
ℹ tests 61
ℹ suites 0
ℹ pass 61
ℹ fail 0
ℹ cancelled 0
ℹ skipped 0
ℹ todo 0
ℹ duration_ms 149.806792
