2026-09-15T05:40:35+09:00 RUNNING: 1/6 공통 상태·데모 · 시도 1
2026-09-15T05:58:40+09:00 RUNNING: 1/6 단계 검사 통과
2026-09-15T05:58:40+09:00 RUNNING: 2/6 가입·프로필 · 시도 1
2026-09-15T06:15:35+09:00 WAITING: 단계 2: 모델 사용량/일시 장애, 10분 뒤 재시도
2026-09-15T06:25:35+09:00 RUNNING: 2/6 가입·프로필 · 시도 1
2026-09-15T06:25:38+09:00 WAITING: 단계 2: 모델 사용량/일시 장애, 10분 뒤 재시도
2026-09-15T06:35:38+09:00 RUNNING: 2/6 가입·프로필 · 시도 1
2026-09-15T06:35:40+09:00 WAITING: 단계 2: 모델 사용량/일시 장애, 10분 뒤 재시도
2026-09-15T06:45:40+09:00 RUNNING: 2/6 가입·프로필 · 시도 1
2026-09-15T06:45:43+09:00 WAITING: 단계 2: 모델 사용량/일시 장애, 10분 뒤 재시도
2026-09-15T06:55:43+09:00 RUNNING: 2/6 가입·프로필 · 시도 1
2026-09-15T06:55:46+09:00 WAITING: 단계 2: 모델 사용량/일시 장애, 10분 뒤 재시도
2026-09-15T07:05:46+09:00 RUNNING: 2/6 가입·프로필 · 시도 1
2026-09-15T07:05:48+09:00 WAITING: 단계 2: 모델 사용량/일시 장애, 10분 뒤 재시도
2026-09-15T07:15:48+09:00 RUNNING: 2/6 가입·프로필 · 시도 1
2026-09-15T07:15:51+09:00 WAITING: 단계 2: 모델 사용량/일시 장애, 10분 뒤 재시도
2026-09-15T07:25:51+09:00 RUNNING: 2/6 가입·프로필 · 시도 1
2026-09-15T07:25:54+09:00 WAITING: 단계 2: 모델 사용량/일시 장애, 10분 뒤 재시도
2026-09-15T07:35:54+09:00 RUNNING: 2/6 가입·프로필 · 시도 1
2026-09-15T07:35:57+09:00 WAITING: 단계 2: 모델 사용량/일시 장애, 10분 뒤 재시도
2026-09-15T07:45:57+09:00 RUNNING: 2/6 가입·프로필 · 시도 1
2026-09-15T07:46:00+09:00 WAITING: 단계 2: 모델 사용량/일시 장애, 10분 뒤 재시도
2026-09-15T07:56:00+09:00 RUNNING: 2/6 가입·프로필 · 시도 1
2026-09-15T07:56:03+09:00 WAITING: 단계 2: 모델 사용량/일시 장애, 10분 뒤 재시도
2026-09-15T08:06:03+09:00 RUNNING: 2/6 가입·프로필 · 시도 1
2026-09-15T08:06:05+09:00 WAITING: 단계 2: 모델 사용량/일시 장애, 10분 뒤 재시도
2026-09-15T08:16:05+09:00 RUNNING: 2/6 가입·프로필 · 시도 1
2026-09-15T08:16:08+09:00 WAITING: 단계 2: 모델 사용량/일시 장애, 10분 뒤 재시도
2026-09-15T08:26:08+09:00 RUNNING: 2/6 가입·프로필 · 시도 1
2026-09-15T08:26:10+09:00 WAITING: 단계 2: 모델 사용량/일시 장애, 10분 뒤 재시도
2026-09-15T08:36:10+09:00 RUNNING: 2/6 가입·프로필 · 시도 1
2026-09-15T08:36:13+09:00 WAITING: 단계 2: 모델 사용량/일시 장애, 10분 뒤 재시도
2026-09-15T08:46:14+09:00 RUNNING: 2/6 가입·프로필 · 시도 1
2026-09-15T08:46:16+09:00 WAITING: 단계 2: 모델 사용량/일시 장애, 10분 뒤 재시도
2026-09-15T08:56:16+09:00 RUNNING: 2/6 가입·프로필 · 시도 1
2026-09-15T08:56:19+09:00 WAITING: 단계 2: 모델 사용량/일시 장애, 10분 뒤 재시도
2026-09-15T09:06:17+09:00 RUNNING: 2/6 가입·프로필 · 시도 1
2026-09-15T09:06:20+09:00 WAITING: 단계 2: 모델 사용량/일시 장애, 10분 뒤 재시도
2026-09-15T09:16:20+09:00 RUNNING: 2/6 가입·프로필 · 시도 1
2026-09-15T09:16:23+09:00 WAITING: 단계 2: 모델 사용량/일시 장애, 10분 뒤 재시도
2026-09-15T09:26:23+09:00 RUNNING: 2/6 가입·프로필 · 시도 1
2026-09-15T09:26:25+09:00 WAITING: 단계 2: 모델 사용량/일시 장애, 10분 뒤 재시도
2026-09-15T09:36:25+09:00 RUNNING: 2/6 가입·프로필 · 시도 1
2026-09-15T09:36:27+09:00 WAITING: 단계 2: 모델 사용량/일시 장애, 10분 뒤 재시도
2026-09-15T09:46:27+09:00 RUNNING: 2/6 가입·프로필 · 시도 1
2026-09-15T09:46:30+09:00 WAITING: 단계 2: 모델 사용량/일시 장애, 10분 뒤 재시도
2026-09-15T09:56:30+09:00 RUNNING: 2/6 가입·프로필 · 시도 1
2026-09-15T09:56:33+09:00 WAITING: 단계 2: 모델 사용량/일시 장애, 10분 뒤 재시도
2026-09-15T10:06:33+09:00 RUNNING: 2/6 가입·프로필 · 시도 1
2026-09-15T10:06:35+09:00 WAITING: 단계 2: 모델 사용량/일시 장애, 10분 뒤 재시도
2026-09-15T10:16:33+09:00 RUNNING: 2/6 가입·프로필 · 시도 1
2026-09-15T10:16:36+09:00 WAITING: 단계 2: 모델 사용량/일시 장애, 10분 뒤 재시도
2026-09-15T10:16:36+09:00 BLOCKED: 단계 2 완료 불가. 로그·부분 결과 보존. 시간/계정/실패 원인을 확인하세요.
2026-09-15T13:29:11+09:00 RUNNING: 2/6 가입·프로필 · 시도 1
2026-09-15T13:38:02+09:00 RUNNING: 2/6 단계 검사 통과
2026-09-15T13:38:02+09:00 RUNNING: 3/6 탐색·공고·Me · 시도 1
2026-09-15T14:08:07+09:00 RUNNING: 3/6 단계 검사 통과
2026-09-15T14:08:07+09:00 RUNNING: 4/6 관심친구·알림 · 시도 1
2026-09-15T14:08:09+09:00 WAITING: 단계 4: 세션 한도/일시 장애. 2026-09-15T18:20:59+09:00에 재시도
2026-09-15T15:24:18+09:00 STOPPED: 사용자/시스템 종료 신호. 재실행하면 검증 완료 단계 뒤에서 재개합니다.
