
> react-example@0.0.0 test
> node --experimental-strip-types --test tests/*.test.ts

✔ weeks use 1–7, 8–14 boundaries including short February and fifth weeks (1.509417ms)
✔ week filters use event start dates; previous-week ongoing and ended records remain findable (20.071333ms)
✔ event end date is inclusive and transitions at Korean midnight (0.300792ms)
✔ reminders include future D-day and D-7, exclude D-8, passed times, invalid and completed plans, sort by time (0.52925ms)
✔ D-day counts calendar dates in Korea over month boundaries (0.161791ms)
✔ legacy and form schedules parse Korean times without relying on browser locale (0.437041ms)
✔ applying opens a private conversation without confirming an appointment (2.865584ms)
✔ only the actual post author can accept; requester and forged host cannot (0.153584ms)
✔ one host acceptance confirms the selected request and ends other candidates (0.522667ms)
✔ cancelled, rejected, unavailable or already matched posts cannot be accepted (0.0875ms)
✔ confirmation preserves the request room and ended candidates stay read-only (0.118083ms)
✔ termination retains history with a precise reason and no new input (0.201333ms)
✔ demo mode starts only with an explicit demo=1 query (0.558708ms)
✔ demo clock shifts real time and converts Asia/Seoul input exactly (19.302625ms)
✔ new members start at sugar 15 with no verification badge, shown the same from every entry point (1.092875ms)
✔ public profiles never include phone, real name, birth date, email or referral code (0.163834ms)
✔ unknown users stay unverified with no sugar; sample accounts are labeled samples (0.18575ms)
✔ detailed location needs participation in a confirmed or completed meetup; closing a post reveals nothing (0.137959ms)
✔ addressed notifications are visible only to their recipient, including after logout (0.104125ms)
✔ stranger means not saved by the recipient AND never actually met (0.223625ms)
✔ shifted demo time is honored by request access and host-only acceptance (0.319ms)
✔ 14:00–15:00 walk stays locked at 14:50 and 14:59:59.999, opens exactly at 15:00 (22.82775ms)
✔ review requires completion and still cannot bypass the end time (0.159958ms)
✔ missing, invalid and reversed end times fail closed without using recruitment closure (0.09925ms)
✔ only participants of a confirmed appointment can complete it (0.086708ms)
✔ overnight and edited end times use the full date and Korean timezone (0.186375ms)
✔ forms reject a zero duration and date ranges display the end date when needed (1.236334ms)
✔ manual closure ends pending candidates, retains conversations and does not manufacture a match (3.055167ms)
✔ delete leaves a tombstone for old request links and never deletes message history (0.196875ms)
✔ expiry uses the exact deadline, is idempotent, and cannot cancel an existing appointment (0.194208ms)
✔ condition changes require each applicant to consent and keep the original baseline through later edits (16.678125ms)
✔ consent permits host acceptance but does not itself confirm or consent for other applicants (1.427042ms)
✔ declined or expired reconfirmations cannot be reused, and decline closes only that request (1.223333ms)
✔ unchanged save and tag edits do not demand consent; restoring original terms removes the pending change (2.687625ms)
✔ private location changes are detectable without exposing the exact old or new address (0.424584ms)
✔ foreign, closed, expired, invalid-deadline and confirmed posts reject direct edits (0.127292ms)
✔ either participant can cancel once with a reason; completed or unrelated appointments cannot be cancelled (0.3225ms)
✔ overlap detects partial and overnight intersections but excludes adjacent, cancelled and other-user appointments (0.130125ms)
✔ phone keeps digits only and at most 11, for typing and pasting alike (1.007583ms)
✔ real name must be complete Hangul syllables, 2-10 characters (0.260459ms)
✔ birth date: real calendar date, not in the future (KST), at least 19 (16.883709ms)
✔ male signup routes validate format only (0.233459ms)
✔ photos: JPG/JPEG/PNG only, 10MB inclusive limit (0.121417ms)
✔ bio: required, 300 chars inclusive, contacts and banned words rejected (0.934583ms)
✔ profile completeness walks photo → interests → bio and treats a stripped photo as missing (0.646916ms)
✔ saved profile shows the same public data everywhere, with age band only and no private fields (0.495584ms)
✔ a resized profile photo survives storage while a raw oversized original does not (0.806333ms)
✔ save then load restores every shared record, the active role, time offset and A/B choice (6.879959ms)
✔ empty storage is a normal first visit, not an error (0.086917ms)
✔ broken JSON, wrong shapes and other versions are reported without throwing (0.270375ms)
✔ storage that throws on read or write is reported as unavailable (0.701917ms)
✔ quota errors keep the previous saved copy intact (0.187125ms)
✔ large inline photo originals are never written; small ones and URLs are kept (0.2175ms)
✔ demo reset clears only the demo key and leaves ordinary app data untouched (0.303166ms)
ℹ tests 54
ℹ suites 0
ℹ pass 54
ℹ fail 0
ℹ cancelled 0
ℹ skipped 0
ℹ todo 0
ℹ duration_ms 160.026625
