
> react-example@0.0.0 test
> node --experimental-strip-types --test tests/*.test.ts

✔ weeks use 1–7, 8–14 boundaries including short February and fifth weeks (0.909459ms)
✔ week filters use event start dates; previous-week ongoing and ended records remain findable (14.4115ms)
✔ event end date is inclusive and transitions at Korean midnight (0.26175ms)
✔ reminders include future D-day and D-7, exclude D-8, passed times, invalid and completed plans, sort by time (0.53275ms)
✔ D-day counts calendar dates in Korea over month boundaries (0.171917ms)
✔ legacy and form schedules parse Korean times without relying on browser locale (0.440625ms)
✔ applying opens a private conversation without confirming an appointment (7.066375ms)
✔ only the actual post author can accept; requester and forged host cannot (0.137ms)
✔ one host acceptance confirms the selected request and ends other candidates (1.682042ms)
✔ cancelled, rejected, unavailable or already matched posts cannot be accepted (0.118875ms)
✔ confirmation preserves the request room and ended candidates stay read-only (0.130042ms)
✔ termination retains history with a precise reason and no new input (0.141209ms)
✔ demo mode starts only with an explicit demo=1 query (0.550834ms)
✔ demo clock shifts real time and converts Asia/Seoul input exactly (17.34775ms)
✔ new members start at sugar 15 with no verification badge, shown the same from every entry point (1.074875ms)
✔ public profiles never include phone, real name, birth date, email or referral code (0.182334ms)
✔ unknown users stay unverified with no sugar; sample accounts are labeled samples (0.188833ms)
✔ detailed location needs participation in a confirmed or completed meetup; closing a post reveals nothing (0.145042ms)
✔ addressed notifications are visible only to their recipient, including after logout (0.115709ms)
✔ stranger means not saved by the recipient AND never actually met (0.228042ms)
✔ shifted demo time is honored by request access and host-only acceptance (0.327416ms)
✔ post form: required fields, past start, end after start, now < deadline <= start (1.217625ms)
✔ post form B steps use the same rules; A and B save identical fields and edit restores them (2.763917ms)
✔ partner condition: eligible members apply, others get a reason, old posts mean anyone (0.126875ms)
✔ changing the partner condition needs re-consent; consent alone never confirms; then the host accepts one (2.239541ms)
✔ explore filters: category, region, today/7-day/date boundaries, search, zero results and reset (1.199709ms)
✔ Me status lists follow the shared lifecycle: accept, cancel, close and delete show the same state (2.110125ms)
✔ event ids resolve in any month so related posts and new posts point at one event (0.346459ms)
✔ 14:00–15:00 walk stays locked at 14:50 and 14:59:59.999, opens exactly at 15:00 (26.374375ms)
✔ review requires completion and still cannot bypass the end time (0.168375ms)
✔ missing, invalid and reversed end times fail closed without using recruitment closure (0.099542ms)
✔ only participants of a confirmed appointment can complete it (0.090709ms)
✔ overnight and edited end times use the full date and Korean timezone (0.19575ms)
✔ forms reject a zero duration and date ranges display the end date when needed (1.279625ms)
✔ manual closure ends pending candidates, retains conversations and does not manufacture a match (2.995958ms)
✔ delete leaves a tombstone for old request links and never deletes message history (0.209791ms)
✔ expiry uses the exact deadline, is idempotent, and cannot cancel an existing appointment (0.182958ms)
✔ condition changes require each applicant to consent and keep the original baseline through later edits (16.993209ms)
✔ consent permits host acceptance but does not itself confirm or consent for other applicants (1.390875ms)
✔ declined or expired reconfirmations cannot be reused, and decline closes only that request (1.207458ms)
✔ unchanged save and tag edits do not demand consent; restoring original terms removes the pending change (2.713ms)
✔ private location changes are detectable without exposing the exact old or new address (0.462375ms)
✔ foreign, closed, expired, invalid-deadline and confirmed posts reject direct edits (0.136375ms)
✔ either participant can cancel once with a reason; completed or unrelated appointments cannot be cancelled (0.306125ms)
✔ overlap detects partial and overnight intersections but excludes adjacent, cancelled and other-user appointments (0.120541ms)
✔ phone keeps digits only and at most 11, for typing and pasting alike (0.684958ms)
✔ real name must be complete Hangul syllables, 2-10 characters (0.235334ms)
✔ birth date: real calendar date, not in the future (KST), at least 19 (14.167125ms)
✔ male signup routes validate format only (0.231208ms)
✔ photos: JPG/JPEG/PNG only, 10MB inclusive limit (0.128833ms)
✔ bio: required, 300 chars inclusive, contacts and banned words rejected (0.950625ms)
✔ profile completeness walks photo → interests → bio and treats a stripped photo as missing (0.68925ms)
✔ saved profile shows the same public data everywhere, with age band only and no private fields (0.536125ms)
✔ a resized profile photo survives storage while a raw oversized original does not (0.913791ms)
✔ save then load restores every shared record, the active role, time offset and A/B choice (11.396333ms)
✔ empty storage is a normal first visit, not an error (0.087416ms)
✔ broken JSON, wrong shapes and other versions are reported without throwing (0.207208ms)
✔ storage that throws on read or write is reported as unavailable (0.210334ms)
✔ quota errors keep the previous saved copy intact (0.212625ms)
✔ large inline photo originals are never written; small ones and URLs are kept (0.217375ms)
✔ demo reset clears only the demo key and leaves ordinary app data untouched (0.171583ms)
ℹ tests 61
ℹ suites 0
ℹ pass 61
ℹ fail 0
ℹ cancelled 0
ℹ skipped 0
ℹ todo 0
ℹ duration_ms 154.758959
