
> react-example@0.0.0 test
> node --experimental-strip-types --test tests/*.test.ts

✔ public routes and protected destinations have stable URLs (0.641ms)
✔ return destinations cannot switch origin, enter demo mode or loop to login (0.099541ms)
✔ restored user data is hidden until Auth validates the access token (4.410375ms)
✔ sign out wins over a slow initial session restore (1.650542ms)
✔ sign out wins over an in-flight user validation (4.889291ms)
✔ changing accounts cannot be overwritten by the previous account response (3.1765ms)
✔ invalid tokens and anonymous Supabase accounts cannot open private areas (2.291041ms)
✔ network failure offers retry without exposing private content (0.696708ms)
✔ unmount unsubscribes and ignores late responses (1.9145ms)
✔ profile metadata cannot grant badges, pro access, sample identity or sugar (0.515ms)
✔ phone normalization preserves valid numbers and rejects malformed input (0.25725ms)
✔ weeks use 1–7, 8–14 boundaries including short February and fifth weeks (7.402333ms)
✔ week filters use event start dates; previous-week ongoing and ended records remain findable (22.884125ms)
✔ event end date is inclusive and transitions at Korean midnight (0.336625ms)
✔ reminders include future D-day and D-7, exclude D-8, passed times, invalid and completed plans, sort by time (1.171666ms)
✔ D-day counts calendar dates in Korea over month boundaries (0.352958ms)
✔ legacy and form schedules parse Korean times without relying on browser locale (0.496333ms)
✔ applying opens a private conversation without confirming an appointment (11.95275ms)
✔ only the actual post author can accept; requester and forged host cannot (0.347167ms)
✔ one host acceptance confirms the selected request and ends other candidates (1.389792ms)
✔ cancelled, rejected, unavailable or already matched posts cannot be accepted (1.483333ms)
✔ confirmation preserves the request room and ended candidates stay read-only (0.214917ms)
✔ termination retains history with a precise reason and no new input (0.165167ms)
✔ demo mode starts only with an explicit demo=1 query (0.562792ms)
✔ demo clock shifts real time and converts Asia/Seoul input exactly (27.33875ms)
✔ new members start at sugar 15 with no verification badge, shown the same from every entry point (1.66675ms)
✔ public profiles never include phone, real name, birth date, email or referral code (0.214ms)
✔ unknown users stay unverified with no sugar; sample accounts are labeled samples (0.220875ms)
✔ detailed location needs participation in a confirmed or completed meetup; closing a post reveals nothing (0.148125ms)
✔ addressed notifications are visible only to their recipient, including after logout (0.104959ms)
✔ stranger means not saved by the recipient AND never actually met (0.449625ms)
✔ shifted demo time is honored by request access and host-only acceptance (0.415ms)
✔ post form: required fields, past start, end after start, now < deadline <= start (1.310625ms)
✔ post form B steps use the same rules; A and B save identical fields and edit restores them (2.737958ms)
✔ partner condition: eligible members apply, others get a reason, old posts mean anyone (0.147083ms)
✔ changing the partner condition needs re-consent; consent alone never confirms; then the host accepts one (2.815833ms)
✔ explore filters: category, region, today/7-day/date boundaries, search, zero results and reset (1.639625ms)
✔ Me status lists follow the shared lifecycle: accept, cancel, close and delete show the same state (2.271666ms)
✔ event ids resolve in any month so related posts and new posts point at one event (1.194958ms)
✔ 14:00–15:00 walk stays locked at 14:50 and 14:59:59.999, opens exactly at 15:00 (47.988958ms)
✔ review requires completion and still cannot bypass the end time (0.367ms)
✔ missing, invalid and reversed end times fail closed without using recruitment closure (0.193583ms)
✔ only participants of a confirmed appointment can complete it (0.126208ms)
✔ overnight and edited end times use the full date and Korean timezone (0.549541ms)
✔ forms reject a zero duration and date ranges display the end date when needed (1.485708ms)
✔ manual closure ends pending candidates, retains conversations and does not manufacture a match (6.740458ms)
✔ delete leaves a tombstone for old request links and never deletes message history (0.198375ms)
✔ expiry uses the exact deadline, is idempotent, and cannot cancel an existing appointment (0.176208ms)
✔ condition changes require each applicant to consent and keep the original baseline through later edits (32.6005ms)
✔ consent permits host acceptance but does not itself confirm or consent for other applicants (1.397083ms)
✔ declined or expired reconfirmations cannot be reused, and decline closes only that request (1.22325ms)
✔ unchanged save and tag edits do not demand consent; restoring original terms removes the pending change (3.429708ms)
✔ private location changes are detectable without exposing the exact old or new address (0.538625ms)
✔ foreign, closed, expired, invalid-deadline and confirmed posts reject direct edits (0.16325ms)
✔ either participant can cancel once with a reason; completed or unrelated appointments cannot be cancelled (1.816917ms)
✔ overlap detects partial and overnight intersections but excludes adjacent, cancelled and other-user appointments (0.16425ms)
✔ phone keeps digits only and at most 11, for typing and pasting alike (1.02275ms)
✔ real name must be complete Hangul syllables, 2-10 characters (0.253875ms)
✔ birth date: real calendar date, not in the future (KST), at least 19 (22.346583ms)
✔ male signup routes validate format only (0.231416ms)
✔ photos: JPG/JPEG/PNG only, 10MB inclusive limit (0.121917ms)
✔ bio: required, 300 chars inclusive, contacts and banned words rejected (1.176792ms)
✔ profile completeness walks photo → interests → bio and treats a stripped photo as missing (0.873417ms)
✔ saved profile shows the same public data everywhere, with age band only and no private fields (0.729ms)
✔ a resized profile photo survives storage while a raw oversized original does not (1.2645ms)
✔ save then load restores every shared record, the active role, time offset and A/B choice (19.572875ms)
✔ empty storage is a normal first visit, not an error (0.093167ms)
✔ broken JSON, wrong shapes and other versions are reported without throwing (0.215833ms)
✔ storage that throws on read or write is reported as unavailable (4.263ms)
✔ quota errors keep the previous saved copy intact (0.481459ms)
✔ large inline photo originals are never written; small ones and URLs are kept (0.828208ms)
✔ demo reset clears only the demo key and leaves ordinary app data untouched (0.227166ms)
ℹ tests 72
ℹ suites 0
ℹ pass 72
ℹ fail 0
ℹ cancelled 0
ℹ skipped 0
ℹ todo 0
ℹ duration_ms 239.907083
