
> react-example@0.0.0 test
> node --experimental-strip-types --test tests/*.test.ts

✔ public routes and protected destinations have stable URLs (0.607667ms)
✔ return destinations cannot switch origin, enter demo mode or loop to login (0.089208ms)
✔ restored user data is hidden until Auth validates the access token (2.714583ms)
✔ sign out wins over a slow initial session restore (0.655708ms)
✔ sign out wins over an in-flight user validation (1.274709ms)
✔ changing accounts cannot be overwritten by the previous account response (0.989459ms)
✔ invalid tokens and anonymous Supabase accounts cannot open private areas (0.487917ms)
✔ network failure offers retry without exposing private content (1.086083ms)
✔ unmount unsubscribes and ignores late responses (0.500208ms)
✔ profile metadata cannot grant badges, pro access, sample identity or sugar (0.458958ms)
✔ phone normalization preserves valid numbers and rejects malformed input (0.410167ms)
✔ weeks use 1–7, 8–14 boundaries including short February and fifth weeks (1.185166ms)
✔ week filters use event start dates; previous-week ongoing and ended records remain findable (50.7285ms)
✔ event end date is inclusive and transitions at Korean midnight (0.278291ms)
✔ reminders include future D-day and D-7, exclude D-8, passed times, invalid and completed plans, sort by time (0.561334ms)
✔ D-day counts calendar dates in Korea over month boundaries (0.173625ms)
✔ legacy and form schedules parse Korean times without relying on browser locale (0.471792ms)
✔ applying opens a private conversation without confirming an appointment (4.773416ms)
✔ only the actual post author can accept; requester and forged host cannot (0.163833ms)
✔ one host acceptance confirms the selected request and ends other candidates (0.500125ms)
✔ cancelled, rejected, unavailable or already matched posts cannot be accepted (0.086917ms)
✔ confirmation preserves the request room and ended candidates stay read-only (0.222292ms)
✔ termination retains history with a precise reason and no new input (0.496875ms)
✔ demo mode starts only with an explicit demo=1 query (0.858875ms)
✔ demo clock shifts real time and converts Asia/Seoul input exactly (43.229125ms)
✔ new members start at sugar 15 with no verification badge, shown the same from every entry point (1.186375ms)
✔ public profiles never include phone, real name, birth date, email or referral code (0.192584ms)
✔ unknown users stay unverified with no sugar; sample accounts are labeled samples (0.19275ms)
✔ detailed location needs participation in a confirmed or completed meetup; closing a post reveals nothing (0.154625ms)
✔ addressed notifications are visible only to their recipient, including after logout (0.147292ms)
✔ stranger means not saved by the recipient AND never actually met (0.230625ms)
✔ shifted demo time is honored by request access and host-only acceptance (0.344958ms)
✔ post form: required fields, past start, end after start, now < deadline <= start (1.424375ms)
✔ post form B steps use the same rules; A and B save identical fields and edit restores them (2.833375ms)
✔ partner condition: eligible members apply, others get a reason, old posts mean anyone (0.134541ms)
✔ changing the partner condition needs re-consent; consent alone never confirms; then the host accepts one (2.271875ms)
✔ explore filters: category, region, today/7-day/date boundaries, search, zero results and reset (1.230458ms)
✔ Me status lists follow the shared lifecycle: accept, cancel, close and delete show the same state (2.346542ms)
✔ event ids resolve in any month so related posts and new posts point at one event (0.377ms)
✔ 14:00–15:00 walk stays locked at 14:50 and 14:59:59.999, opens exactly at 15:00 (44.275375ms)
✔ review requires completion and still cannot bypass the end time (0.189167ms)
✔ missing, invalid and reversed end times fail closed without using recruitment closure (0.112042ms)
✔ only participants of a confirmed appointment can complete it (0.082833ms)
✔ overnight and edited end times use the full date and Korean timezone (0.189875ms)
✔ forms reject a zero duration and date ranges display the end date when needed (2.282458ms)
✔ manual closure ends pending candidates, retains conversations and does not manufacture a match (3.026667ms)
✔ delete leaves a tombstone for old request links and never deletes message history (0.189375ms)
✔ expiry uses the exact deadline, is idempotent, and cannot cancel an existing appointment (0.171ms)
✔ condition changes require each applicant to consent and keep the original baseline through later edits (25.235541ms)
✔ consent permits host acceptance but does not itself confirm or consent for other applicants (1.419084ms)
✔ declined or expired reconfirmations cannot be reused, and decline closes only that request (1.264291ms)
✔ unchanged save and tag edits do not demand consent; restoring original terms removes the pending change (4.480208ms)
✔ private location changes are detectable without exposing the exact old or new address (2.478541ms)
✔ foreign, closed, expired, invalid-deadline and confirmed posts reject direct edits (0.483375ms)
✔ either participant can cancel once with a reason; completed or unrelated appointments cannot be cancelled (0.40875ms)
✔ overlap detects partial and overnight intersections but excludes adjacent, cancelled and other-user appointments (0.13975ms)
✔ phone keeps digits only and at most 11, for typing and pasting alike (0.679459ms)
✔ real name must be complete Hangul syllables, 2-10 characters (0.21425ms)
✔ birth date: real calendar date, not in the future (KST), at least 19 (15.152875ms)
✔ male signup routes validate format only (0.231583ms)
✔ photos: JPG/JPEG/PNG only, 10MB inclusive limit (0.122833ms)
✔ bio: required, 300 chars inclusive, contacts and banned words rejected (0.901792ms)
✔ profile completeness walks photo → interests → bio and treats a stripped photo as missing (0.651542ms)
✔ saved profile shows the same public data everywhere, with age band only and no private fields (0.726292ms)
✔ a resized profile photo survives storage while a raw oversized original does not (0.953375ms)
✔ save then load restores every shared record, the active role, time offset and A/B choice (8.878ms)
✔ empty storage is a normal first visit, not an error (0.163709ms)
✔ broken JSON, wrong shapes and other versions are reported without throwing (0.235416ms)
✔ storage that throws on read or write is reported as unavailable (1.116667ms)
✔ quota errors keep the previous saved copy intact (0.221125ms)
✔ large inline photo originals are never written; small ones and URLs are kept (0.253083ms)
✔ demo reset clears only the demo key and leaves ordinary app data untouched (0.172459ms)
ℹ tests 72
ℹ suites 0
ℹ pass 72
ℹ fail 0
ℹ cancelled 0
ℹ skipped 0
ℹ todo 0
ℹ duration_ms 221.6035
